[11:20:26.477] Server listening on port 51693, PID 19060
[11:20:26.507] readProjectFiles, Found 20 files to read.
[11:20:26.511] Starting PAI Cloud Dev...
[11:20:27.420] [PAI SDK] createCloudSession response: {
  "code": 0,
  "msg": "success",
  "sandboxId": "vefaas-f0vkicge-zwx1wbt5u0-dah23ug20b00o3aeiglg-sandbox",
  "endpoint": "https://sd62opo6oqou1ckhsuo00.apigateway-cn-beijing.volceapi.com"
}
[11:20:27.518] [PAI SDK] cloudServer.start called, appId: pai-preview-trae-d0c92a4f
[11:20:27.938] [PAI SDK] Received event: log {"content":"\n> taro_template@1.0.0 dev:h5\n> npm run build:h5 -- --watch\n\n\n> taro_template@1.0.0 build:h5\n> taro build --type h5 --watch\n\n","timestamp":1789010427935}
[11:20:28.225] [PAI SDK] Received event: log {"content":"👽 Taro v4.1.9\n\n","timestamp":1789010428258}
[11:20:29.509] [PAI SDK] Received event: log {"content":"Tips:\n1. 建议开启持久化缓存功能，能有效提升二次编译速度，详情请参考: https://docs.taro.zone/docs/config-detail#cache。\n\n\n","timestamp":1789010429456}
[11:20:30.560] [PAI SDK] Received event: log {"content":"- 即将开始启动编译，请稍等~\n","timestamp":1789010430526}
[11:20:43.250] [PAI SDK] Received event: log {"content":"✅  编译成功 9/10/2026, 11:20:43 AM\n\n","timestamp":1789010443284}
[11:20:43.251] [PAI SDK] cloudServer.start response: {
  "status": "running",
  "msg": "Cloud Server started successfully.",
  "hash": "pai-preview-trae-d0c92a4f"
}
[11:20:43.354] [PAI SDK] Received event: log {"content":"\nℹ️  Listening at http://9.97.7.91:10086/\n\n监听文件修改中...\n\n","timestamp":1789010443388}
[11:50:35.360] [PAI SDK] WebSocket closed, reconnecting (1/3)...
[11:50:45.572] [Global WebSocket] Suppressed error to prevent crash: Unexpected server response: 404
[11:50:45.573] [PAI SDK] WebSocket closed, reconnecting (1/3)...
[11:50:55.735] [Global WebSocket] Suppressed error to prevent crash: Unexpected server response: 404
[11:50:55.736] [PAI SDK] WebSocket closed, reconnecting (1/3)...
[11:51:05.824] [Global WebSocket] Suppressed error to prevent crash: Unexpected server response: 404
[11:51:05.825] [PAI SDK] WebSocket closed, reconnecting (1/3)...
[11:51:15.916] [Global WebSocket] Suppressed error to prevent crash: Unexpected server response: 404
[11:51:15.918] [PAI SDK] WebSocket closed, reconnecting (1/3)...
[11:51:26.203] [Global WebSocket] Suppressed error to prevent crash: Unexpected server response: 404
[11:51:26.205] [PAI SDK] WebSocket closed, reconnecting (1/3)...
[11:51:36.274] [Global WebSocket] Suppressed error to prevent crash: Unexpected server response: 404
[11:51:36.276] [PAI SDK] WebSocket closed, reconnecting (1/3)...
[11:51:46.368] [Global WebSocket] Suppressed error to prevent crash: Unexpected server response: 404
[11:51:46.370] [PAI SDK] WebSocket closed, reconnecting (1/3)...
[11:51:56.549] [Global WebSocket] Suppressed error to prevent crash: Unexpected server response: 404
[11:51:56.550] [PAI SDK] WebSocket closed, reconnecting (1/3)...
[11:52:06.633] [Global WebSocket] Suppressed error to prevent crash: Unexpected server response: 404
[11:52:06.634] [PAI SDK] WebSocket closed, reconnecting (1/3)...
[11:52:16.701] [Global WebSocket] Suppressed error to prevent crash: Unexpected server response: 404
[11:52:16.702] [PAI SDK] WebSocket closed, reconnecting (1/3)...
[11:52:26.779] [Global WebSocket] Suppressed error to prevent crash: Unexpected server response: 404
[11:52:26.780] [PAI SDK] WebSocket closed, reconnecting (1/3)...
[11:52:36.864] [Global WebSocket] Suppressed error to prevent crash: Unexpected server response: 404
[11:52:36.865] [PAI SDK] WebSocket closed, reconnecting (1/3)...
[11:52:46.931] [Global WebSocket] Suppressed error to prevent crash: Unexpected server response: 404
[11:52:46.934] [PAI SDK] WebSocket closed, reconnecting (1/3)...
[11:52:57.082] [Global WebSocket] Suppressed error to prevent crash: Unexpected server response: 404
[11:52:57.084] [PAI SDK] WebSocket closed, reconnecting (1/3)...
[11:53:07.156] [Global WebSocket] Suppressed error to prevent crash: Unexpected server response: 404
[11:53:07.157] [PAI SDK] WebSocket closed, reconnecting (1/3)...
[11:53:17.232] [Global WebSocket] Suppressed error to prevent crash: Unexpected server response: 404
[11:53:17.233] [PAI SDK] WebSocket closed, reconnecting (1/3)...
[11:53:27.629] [Global WebSocket] Suppressed error to prevent crash: Unexpected server response: 404
[11:53:27.630] [PAI SDK] WebSocket closed, reconnecting (1/3)...
[11:53:37.771] [Global WebSocket] Suppressed error to prevent crash: Unexpected server response: 404
[11:53:37.772] [PAI SDK] WebSocket closed, reconnecting (1/3)...
[11:53:47.850] [Global WebSocket] Suppressed error to prevent crash: Unexpected server response: 404
[11:53:47.851] [PAI SDK] WebSocket closed, reconnecting (1/3)...
[11:53:57.932] [Global WebSocket] Suppressed error to prevent crash: Unexpected server response: 404
[11:53:57.933] [PAI SDK] WebSocket closed, reconnecting (1/3)...
[11:54:08.002] [Global WebSocket] Suppressed error to prevent crash: Unexpected server response: 404
[11:54:08.003] [PAI SDK] WebSocket closed, reconnecting (1/3)...
[11:54:18.388] [Global WebSocket] Suppressed error to prevent crash: Unexpected server response: 404
[11:54:18.388] [PAI SDK] WebSocket closed, reconnecting (1/3)...
[11:54:28.457] [Global WebSocket] Suppressed error to prevent crash: Unexpected server response: 404
[11:54:28.458] [PAI SDK] WebSocket closed, reconnecting (1/3)...
[11:54:38.522] [Global WebSocket] Suppressed error to prevent crash: Unexpected server response: 404
[11:54:38.523] [PAI SDK] WebSocket closed, reconnecting (1/3)...
[11:54:48.609] [Global WebSocket] Suppressed error to prevent crash: Unexpected server response: 404
[11:54:48.611] [PAI SDK] WebSocket closed, reconnecting (1/3)...
[11:54:58.683] [Global WebSocket] Suppressed error to prevent crash: Unexpected server response: 404
[11:54:58.684] [PAI SDK] WebSocket closed, reconnecting (1/3)...
[11:55:08.753] [Global WebSocket] Suppressed error to prevent crash: Unexpected server response: 404
[11:55:08.753] [PAI SDK] WebSocket closed, reconnecting (1/3)...
[11:55:18.833] [Global WebSocket] Suppressed error to prevent crash: Unexpected server response: 404
[11:55:18.834] [PAI SDK] WebSocket closed, reconnecting (1/3)...
[11:55:28.906] [Global WebSocket] Suppressed error to prevent crash: Unexpected server response: 404
[11:55:28.907] [PAI SDK] WebSocket closed, reconnecting (1/3)...
[11:55:39.170] [Global WebSocket] Suppressed error to prevent crash: Unexpected server response: 404
[11:55:39.172] [PAI SDK] WebSocket closed, reconnecting (1/3)...
[11:55:49.253] [Global WebSocket] Suppressed error to prevent crash: Unexpected server response: 404
[11:55:49.254] [PAI SDK] WebSocket closed, reconnecting (1/3)...
[11:55:59.331] [Global WebSocket] Suppressed error to prevent crash: Unexpected server response: 404
[11:55:59.333] [PAI SDK] WebSocket closed, reconnecting (1/3)...
[11:56:09.413] [Global WebSocket] Suppressed error to prevent crash: Unexpected server response: 404
[11:56:09.414] [PAI SDK] WebSocket closed, reconnecting (1/3)...
[11:56:19.493] [Global WebSocket] Suppressed error to prevent crash: Unexpected server response: 404
[11:56:19.494] [PAI SDK] WebSocket closed, reconnecting (1/3)...
[11:56:29.580] [Global WebSocket] Suppressed error to prevent crash: Unexpected server response: 404
[11:56:29.581] [PAI SDK] WebSocket closed, reconnecting (1/3)...
[11:56:39.667] [Global WebSocket] Suppressed error to prevent crash: Unexpected server response: 404
[11:56:39.668] [PAI SDK] WebSocket closed, reconnecting (1/3)...
[11:56:49.754] [Global WebSocket] Suppressed error to prevent crash: Unexpected server response: 404
[11:56:49.755] [PAI SDK] WebSocket closed, reconnecting (1/3)...
[11:56:59.832] [Global WebSocket] Suppressed error to prevent crash: Unexpected server response: 404
[11:56:59.832] [PAI SDK] WebSocket closed, reconnecting (1/3)...
[11:57:09.913] [Global WebSocket] Suppressed error to prevent crash: Unexpected server response: 404
[11:57:09.914] [PAI SDK] WebSocket closed, reconnecting (1/3)...
[11:57:19.987] [Global WebSocket] Suppressed error to prevent crash: Unexpected server response: 404
[11:57:19.988] [PAI SDK] WebSocket closed, reconnecting (1/3)...
[11:57:30.063] [Global WebSocket] Suppressed error to prevent crash: Unexpected server response: 404
[11:57:30.064] [PAI SDK] WebSocket closed, reconnecting (1/3)...
[11:57:40.141] [Global WebSocket] Suppressed error to prevent crash: Unexpected server response: 404
[11:57:40.142] [PAI SDK] WebSocket closed, reconnecting (1/3)...
[11:57:50.220] [Global WebSocket] Suppressed error to prevent crash: Unexpected server response: 404
[11:57:50.220] [PAI SDK] WebSocket closed, reconnecting (1/3)...
[11:58:00.304] [Global WebSocket] Suppressed error to prevent crash: Unexpected server response: 404
[11:58:00.306] [PAI SDK] WebSocket closed, reconnecting (1/3)...
[11:58:10.387] [Global WebSocket] Suppressed error to prevent crash: Unexpected server response: 404
[11:58:10.388] [PAI SDK] WebSocket closed, reconnecting (1/3)...
[11:58:20.497] [Global WebSocket] Suppressed error to prevent crash: Unexpected server response: 404
[11:58:20.498] [PAI SDK] WebSocket closed, reconnecting (1/3)...
[11:58:30.565] [Global WebSocket] Suppressed error to prevent crash: Unexpected server response: 404
[11:58:30.567] [PAI SDK] WebSocket closed, reconnecting (1/3)...
[11:58:40.674] [Global WebSocket] Suppressed error to prevent crash: Unexpected server response: 404
[11:58:40.675] [PAI SDK] WebSocket closed, reconnecting (1/3)...
[11:58:50.740] [Global WebSocket] Suppressed error to prevent crash: Unexpected server response: 404
[11:58:50.741] [PAI SDK] WebSocket closed, reconnecting (1/3)...
[11:59:00.819] [Global WebSocket] Suppressed error to prevent crash: Unexpected server response: 404
[11:59:00.820] [PAI SDK] WebSocket closed, reconnecting (1/3)...
[11:59:10.892] [Global WebSocket] Suppressed error to prevent crash: Unexpected server response: 404
[11:59:10.893] [PAI SDK] WebSocket closed, reconnecting (1/3)...
[11:59:20.962] [Global WebSocket] Suppressed error to prevent crash: Unexpected server response: 404
[11:59:20.963] [PAI SDK] WebSocket closed, reconnecting (1/3)...
[11:59:31.044] [Global WebSocket] Suppressed error to prevent crash: Unexpected server response: 404
[11:59:31.046] [PAI SDK] WebSocket closed, reconnecting (1/3)...
[11:59:41.132] [Global WebSocket] Suppressed error to prevent crash: Unexpected server response: 404
[11:59:41.133] [PAI SDK] WebSocket closed, reconnecting (1/3)...
[11:59:51.208] [Global WebSocket] Suppressed error to prevent crash: Unexpected server response: 404
[11:59:51.210] [PAI SDK] WebSocket closed, reconnecting (1/3)...
[12:00:01.289] [Global WebSocket] Suppressed error to prevent crash: Unexpected server response: 404
[12:00:01.290] [PAI SDK] WebSocket closed, reconnecting (1/3)...
[12:00:11.366] [Global WebSocket] Suppressed error to prevent crash: Unexpected server response: 404
[12:00:11.367] [PAI SDK] WebSocket closed, reconnecting (1/3)...
[12:00:21.432] [Global WebSocket] Suppressed error to prevent crash: Unexpected server response: 404
[12:00:21.433] [PAI SDK] WebSocket closed, reconnecting (1/3)...
[12:00:31.513] [Global WebSocket] Suppressed error to prevent crash: Unexpected server response: 404
[12:00:31.514] [PAI SDK] WebSocket closed, reconnecting (1/3)...
[12:00:41.597] [Global WebSocket] Suppressed error to prevent crash: Unexpected server response: 404
[12:00:41.598] [PAI SDK] WebSocket closed, reconnecting (1/3)...
[12:00:51.679] [Global WebSocket] Suppressed error to prevent crash: Unexpected server response: 404
[12:00:51.680] [PAI SDK] WebSocket closed, reconnecting (1/3)...
[12:01:01.756] [Global WebSocket] Suppressed error to prevent crash: Unexpected server response: 404
[12:01:01.757] [PAI SDK] WebSocket closed, reconnecting (1/3)...
[12:01:11.834] [Global WebSocket] Suppressed error to prevent crash: Unexpected server response: 404
[12:01:11.836] [PAI SDK] WebSocket closed, reconnecting (1/3)...
[12:01:21.921] [Global WebSocket] Suppressed error to prevent crash: Unexpected server response: 404
[12:01:21.922] [PAI SDK] WebSocket closed, reconnecting (1/3)...
[12:01:32.407] [Global WebSocket] Suppressed error to prevent crash: Unexpected server response: 404
[12:01:32.408] [PAI SDK] WebSocket closed, reconnecting (1/3)...
[12:01:42.488] [Global WebSocket] Suppressed error to prevent crash: Unexpected server response: 404
[12:01:42.489] [PAI SDK] WebSocket closed, reconnecting (1/3)...
[12:01:52.569] [Global WebSocket] Suppressed error to prevent crash: Unexpected server response: 404
[12:01:52.570] [PAI SDK] WebSocket closed, reconnecting (1/3)...
[12:02:02.640] [Global WebSocket] Suppressed error to prevent crash: Unexpected server response: 404
[12:02:02.641] [PAI SDK] WebSocket closed, reconnecting (1/3)...
[12:02:12.712] [Global WebSocket] Suppressed error to prevent crash: Unexpected server response: 404
[12:02:12.712] [PAI SDK] WebSocket closed, reconnecting (1/3)...
[12:02:22.801] [Global WebSocket] Suppressed error to prevent crash: Unexpected server response: 404
[12:02:22.802] [PAI SDK] WebSocket closed, reconnecting (1/3)...
[12:02:32.886] [Global WebSocket] Suppressed error to prevent crash: Unexpected server response: 404
[12:02:32.888] [PAI SDK] WebSocket closed, reconnecting (1/3)...
[12:02:42.957] [Global WebSocket] Suppressed error to prevent crash: Unexpected server response: 404
[12:02:42.958] [PAI SDK] WebSocket closed, reconnecting (1/3)...
[12:02:53.216] [Global WebSocket] Suppressed error to prevent crash: Unexpected server response: 404
[12:02:53.217] [PAI SDK] WebSocket closed, reconnecting (1/3)...
[12:03:03.297] [Global WebSocket] Suppressed error to prevent crash: Unexpected server response: 404
[12:03:03.298] [PAI SDK] WebSocket closed, reconnecting (1/3)...
[12:03:13.381] [Global WebSocket] Suppressed error to prevent crash: Unexpected server response: 404
[12:03:13.383] [PAI SDK] WebSocket closed, reconnecting (1/3)...
[12:03:23.491] [Global WebSocket] Suppressed error to prevent crash: Unexpected server response: 404
[12:03:23.492] [PAI SDK] WebSocket closed, reconnecting (1/3)...
[12:03:33.574] [Global WebSocket] Suppressed error to prevent crash: Unexpected server response: 404
[12:03:33.576] [PAI SDK] WebSocket closed, reconnecting (1/3)...
[12:03:43.660] [Global WebSocket] Suppressed error to prevent crash: Unexpected server response: 404
[12:03:43.662] [PAI SDK] WebSocket closed, reconnecting (1/3)...
[12:03:53.734] [Global WebSocket] Suppressed error to prevent crash: Unexpected server response: 404
[12:03:53.736] [PAI SDK] WebSocket closed, reconnecting (1/3)...
[12:04:03.820] [Global WebSocket] Suppressed error to prevent crash: Unexpected server response: 404
[12:04:03.821] [PAI SDK] WebSocket closed, reconnecting (1/3)...
[12:04:13.889] [Global WebSocket] Suppressed error to prevent crash: Unexpected server response: 404
[12:04:13.890] [PAI SDK] WebSocket closed, reconnecting (1/3)...
[12:04:23.953] [Global WebSocket] Suppressed error to prevent crash: Unexpected server response: 404
[12:04:23.953] [PAI SDK] WebSocket closed, reconnecting (1/3)...
[12:04:34.052] [Global WebSocket] Suppressed error to prevent crash: Unexpected server response: 404
[12:04:34.053] [PAI SDK] WebSocket closed, reconnecting (1/3)...
[12:04:44.124] [Global WebSocket] Suppressed error to prevent crash: Unexpected server response: 404
[12:04:44.125] [PAI SDK] WebSocket closed, reconnecting (1/3)...
[12:04:54.196] [Global WebSocket] Suppressed error to prevent crash: Unexpected server response: 404
[12:04:54.197] [PAI SDK] WebSocket closed, reconnecting (1/3)...
[12:05:04.298] [Global WebSocket] Suppressed error to prevent crash: Unexpected server response: 404
[12:05:04.299] [PAI SDK] WebSocket closed, reconnecting (1/3)...
[12:05:14.380] [Global WebSocket] Suppressed error to prevent crash: Unexpected server response: 404
[12:05:14.381] [PAI SDK] WebSocket closed, reconnecting (1/3)...
[12:05:24.471] [Global WebSocket] Suppressed error to prevent crash: Unexpected server response: 404
[12:05:24.473] [PAI SDK] WebSocket closed, reconnecting (1/3)...
[12:05:34.545] [Global WebSocket] Suppressed error to prevent crash: Unexpected server response: 404
[12:05:34.546] [PAI SDK] WebSocket closed, reconnecting (1/3)...
[12:05:44.634] [Global WebSocket] Suppressed error to prevent crash: Unexpected server response: 404
[12:05:44.634] [PAI SDK] WebSocket closed, reconnecting (1/3)...
[12:05:54.712] [Global WebSocket] Suppressed error to prevent crash: Unexpected server response: 404
[12:05:54.713] [PAI SDK] WebSocket closed, reconnecting (1/3)...
[12:06:04.776] [Global WebSocket] Suppressed error to prevent crash: Unexpected server response: 404
[12:06:04.778] [PAI SDK] WebSocket closed, reconnecting (1/3)...
[12:06:14.869] [Global WebSocket] Suppressed error to prevent crash: Unexpected server response: 404
[12:06:14.874] [PAI SDK] WebSocket closed, reconnecting (1/3)...
[12:06:24.957] [Global WebSocket] Suppressed error to prevent crash: Unexpected server response: 404
[12:06:24.958] [PAI SDK] WebSocket closed, reconnecting (1/3)...
[12:06:35.257] [Global WebSocket] Suppressed error to prevent crash: Unexpected server response: 404
[12:06:35.258] [PAI SDK] WebSocket closed, reconnecting (1/3)...
[12:06:45.339] [Global WebSocket] Suppressed error to prevent crash: Unexpected server response: 404
[12:06:45.340] [PAI SDK] WebSocket closed, reconnecting (1/3)...
[12:06:55.414] [Global WebSocket] Suppressed error to prevent crash: Unexpected server response: 404
[12:06:55.415] [PAI SDK] WebSocket closed, reconnecting (1/3)...
[12:07:05.485] [Global WebSocket] Suppressed error to prevent crash: Unexpected server response: 404
[12:07:05.486] [PAI SDK] WebSocket closed, reconnecting (1/3)...
[12:07:15.562] [Global WebSocket] Suppressed error to prevent crash: Unexpected server response: 404
[12:07:15.563] [PAI SDK] WebSocket closed, reconnecting (1/3)...
[12:07:25.644] [Global WebSocket] Suppressed error to prevent crash: Unexpected server response: 404
[12:07:25.645] [PAI SDK] WebSocket closed, reconnecting (1/3)...
[12:07:35.718] [Global WebSocket] Suppressed error to prevent crash: Unexpected server response: 404
[12:07:35.720] [PAI SDK] WebSocket closed, reconnecting (1/3)...
[12:07:45.798] [Global WebSocket] Suppressed error to prevent crash: Unexpected server response: 404
[12:07:45.799] [PAI SDK] WebSocket closed, reconnecting (1/3)...
[12:07:55.883] [Global WebSocket] Suppressed error to prevent crash: Unexpected server response: 404
[12:07:55.884] [PAI SDK] WebSocket closed, reconnecting (1/3)...
[12:08:05.964] [Global WebSocket] Suppressed error to prevent crash: Unexpected server response: 404
[12:08:05.965] [PAI SDK] WebSocket closed, reconnecting (1/3)...
[12:08:16.042] [Global WebSocket] Suppressed error to prevent crash: Unexpected server response: 404
[12:08:16.043] [PAI SDK] WebSocket closed, reconnecting (1/3)...
[12:08:26.107] [Global WebSocket] Suppressed error to prevent crash: Unexpected server response: 404
[12:08:26.109] [PAI SDK] WebSocket closed, reconnecting (1/3)...
[12:08:36.198] [Global WebSocket] Suppressed error to prevent crash: Unexpected server response: 404
[12:08:36.200] [PAI SDK] WebSocket closed, reconnecting (1/3)...
[12:08:46.309] [Global WebSocket] Suppressed error to prevent crash: Unexpected server response: 404
[12:08:46.310] [PAI SDK] WebSocket closed, reconnecting (1/3)...
[12:08:56.390] [Global WebSocket] Suppressed error to prevent crash: Unexpected server response: 404
[12:08:56.392] [PAI SDK] WebSocket closed, reconnecting (1/3)...
[12:09:06.464] [Global WebSocket] Suppressed error to prevent crash: Unexpected server response: 404
[12:09:06.466] [PAI SDK] WebSocket closed, reconnecting (1/3)...
[12:09:16.533] [Global WebSocket] Suppressed error to prevent crash: Unexpected server response: 404
[12:09:16.534] [PAI SDK] WebSocket closed, reconnecting (1/3)...
[12:09:26.622] [Global WebSocket] Suppressed error to prevent crash: Unexpected server response: 404
[12:09:26.623] [PAI SDK] WebSocket closed, reconnecting (1/3)...
[12:09:36.708] [Global WebSocket] Suppressed error to prevent crash: Unexpected server response: 404
[12:09:36.709] [PAI SDK] WebSocket closed, reconnecting (1/3)...
[12:09:46.787] [Global WebSocket] Suppressed error to prevent crash: Unexpected server response: 404
[12:09:46.788] [PAI SDK] WebSocket closed, reconnecting (1/3)...
[12:09:56.867] [Global WebSocket] Suppressed error to prevent crash: Unexpected server response: 404
[12:09:56.868] [PAI SDK] WebSocket closed, reconnecting (1/3)...
[12:10:06.994] [Global WebSocket] Suppressed error to prevent crash: Unexpected server response: 404
[12:10:06.995] [PAI SDK] WebSocket closed, reconnecting (1/3)...
[12:10:17.066] [Global WebSocket] Suppressed error to prevent crash: Unexpected server response: 404
[12:10:17.067] [PAI SDK] WebSocket closed, reconnecting (1/3)...
[12:10:27.154] [Global WebSocket] Suppressed error to prevent crash: Unexpected server response: 404
[12:10:27.156] [PAI SDK] WebSocket closed, reconnecting (1/3)...
[12:10:37.270] [Global WebSocket] Suppressed error to prevent crash: Unexpected server response: 404
[12:10:37.271] [PAI SDK] WebSocket closed, reconnecting (1/3)...
[12:10:47.347] [Global WebSocket] Suppressed error to prevent crash: Unexpected server response: 404
[12:10:47.348] [PAI SDK] WebSocket closed, reconnecting (1/3)...
[12:10:57.423] [Global WebSocket] Suppressed error to prevent crash: Unexpected server response: 404
[12:10:57.424] [PAI SDK] WebSocket closed, reconnecting (1/3)...
[12:11:07.510] [Global WebSocket] Suppressed error to prevent crash: Unexpected server response: 404
[12:11:07.511] [PAI SDK] WebSocket closed, reconnecting (1/3)...
[12:11:17.586] [Global WebSocket] Suppressed error to prevent crash: Unexpected server response: 404
[12:11:17.587] [PAI SDK] WebSocket closed, reconnecting (1/3)...
[12:11:27.673] [Global WebSocket] Suppressed error to prevent crash: Unexpected server response: 404
[12:11:27.674] [PAI SDK] WebSocket closed, reconnecting (1/3)...
[12:11:37.759] [Global WebSocket] Suppressed error to prevent crash: Unexpected server response: 404
[12:11:37.760] [PAI SDK] WebSocket closed, reconnecting (1/3)...
[12:11:47.843] [Global WebSocket] Suppressed error to prevent crash: Unexpected server response: 404
[12:11:47.844] [PAI SDK] WebSocket closed, reconnecting (1/3)...
[12:11:57.923] [Global WebSocket] Suppressed error to prevent crash: Unexpected server response: 404
[12:11:57.924] [PAI SDK] WebSocket closed, reconnecting (1/3)...
[12:12:07.994] [Global WebSocket] Suppressed error to prevent crash: Unexpected server response: 404
[12:12:07.995] [PAI SDK] WebSocket closed, reconnecting (1/3)...
[12:12:18.073] [Global WebSocket] Suppressed error to prevent crash: Unexpected server response: 404
[12:12:18.073] [PAI SDK] WebSocket closed, reconnecting (1/3)...
[12:12:28.147] [Global WebSocket] Suppressed error to prevent crash: Unexpected server response: 404
[12:12:28.149] [PAI SDK] WebSocket closed, reconnecting (1/3)...
[12:12:38.220] [Global WebSocket] Suppressed error to prevent crash: Unexpected server response: 404
[12:12:38.225] [PAI SDK] WebSocket closed, reconnecting (1/3)...
[12:12:48.296] [Global WebSocket] Suppressed error to prevent crash: Unexpected server response: 404
[12:12:48.296] [PAI SDK] WebSocket closed, reconnecting (1/3)...
[12:12:58.366] [Global WebSocket] Suppressed error to prevent crash: Unexpected server response: 404
[12:12:58.367] [PAI SDK] WebSocket closed, reconnecting (1/3)...
[12:13:08.445] [Global WebSocket] Suppressed error to prevent crash: Unexpected server response: 404
[12:13:08.446] [PAI SDK] WebSocket closed, reconnecting (1/3)...
[12:13:18.528] [Global WebSocket] Suppressed error to prevent crash: Unexpected server response: 404
[12:13:18.529] [PAI SDK] WebSocket closed, reconnecting (1/3)...
[12:13:28.945] [Global WebSocket] Suppressed error to prevent crash: Unexpected server response: 404
[12:13:28.947] [PAI SDK] WebSocket closed, reconnecting (1/3)...
[12:13:39.154] [Global WebSocket] Suppressed error to prevent crash: Unexpected server response: 404
[12:13:39.155] [PAI SDK] WebSocket closed, reconnecting (1/3)...
[12:13:49.240] [Global WebSocket] Suppressed error to prevent crash: Unexpected server response: 404
[12:13:49.241] [PAI SDK] WebSocket closed, reconnecting (1/3)...
[12:13:59.319] [Global WebSocket] Suppressed error to prevent crash: Unexpected server response: 404
[12:13:59.319] [PAI SDK] WebSocket closed, reconnecting (1/3)...
[12:14:09.402] [Global WebSocket] Suppressed error to prevent crash: Unexpected server response: 404
[12:14:09.403] [PAI SDK] WebSocket closed, reconnecting (1/3)...
[12:14:19.472] [Global WebSocket] Suppressed error to prevent crash: Unexpected server response: 404
[12:14:19.473] [PAI SDK] WebSocket closed, reconnecting (1/3)...
[12:14:29.548] [Global WebSocket] Suppressed error to prevent crash: Unexpected server response: 404
[12:14:29.549] [PAI SDK] WebSocket closed, reconnecting (1/3)...
[12:14:39.634] [Global WebSocket] Suppressed error to prevent crash: Unexpected server response: 404
[12:14:39.635] [PAI SDK] WebSocket closed, reconnecting (1/3)...
[12:14:49.717] [Global WebSocket] Suppressed error to prevent crash: Unexpected server response: 404
[12:14:49.718] [PAI SDK] WebSocket closed, reconnecting (1/3)...
[12:14:59.796] [Global WebSocket] Suppressed error to prevent crash: Unexpected server response: 404
[12:14:59.798] [PAI SDK] WebSocket closed, reconnecting (1/3)...
[12:15:09.869] [Global WebSocket] Suppressed error to prevent crash: Unexpected server response: 404
[12:15:09.870] [PAI SDK] WebSocket closed, reconnecting (1/3)...
[12:15:19.941] [Global WebSocket] Suppressed error to prevent crash: Unexpected server response: 404
[12:15:19.942] [PAI SDK] WebSocket closed, reconnecting (1/3)...
[12:15:30.014] [Global WebSocket] Suppressed error to prevent crash: Unexpected server response: 404
[12:15:30.014] [PAI SDK] WebSocket closed, reconnecting (1/3)...
[12:15:40.089] [Global WebSocket] Suppressed error to prevent crash: Unexpected server response: 404
[12:15:40.090] [PAI SDK] WebSocket closed, reconnecting (1/3)...
[12:15:50.157] [Global WebSocket] Suppressed error to prevent crash: Unexpected server response: 404
[12:15:50.158] [PAI SDK] WebSocket closed, reconnecting (1/3)...
[12:16:00.227] [Global WebSocket] Suppressed error to prevent crash: Unexpected server response: 404
[12:16:00.230] [PAI SDK] WebSocket closed, reconnecting (1/3)...
[12:16:10.309] [Global WebSocket] Suppressed error to prevent crash: Unexpected server response: 404
[12:16:10.311] [PAI SDK] WebSocket closed, reconnecting (1/3)...
[12:16:20.402] [Global WebSocket] Suppressed error to prevent crash: Unexpected server response: 404
[12:16:20.404] [PAI SDK] WebSocket closed, reconnecting (1/3)...
[12:16:30.479] [Global WebSocket] Suppressed error to prevent crash: Unexpected server response: 404
[12:16:30.480] [PAI SDK] WebSocket closed, reconnecting (1/3)...
[12:16:40.632] [Global WebSocket] Suppressed error to prevent crash: Unexpected server response: 404
[12:16:40.633] [PAI SDK] WebSocket closed, reconnecting (1/3)...
[12:16:50.714] [Global WebSocket] Suppressed error to prevent crash: Unexpected server response: 404
[12:16:50.715] [PAI SDK] WebSocket closed, reconnecting (1/3)...
[12:17:00.787] [Global WebSocket] Suppressed error to prevent crash: Unexpected server response: 404
[12:17:00.788] [PAI SDK] WebSocket closed, reconnecting (1/3)...
[12:17:10.866] [Global WebSocket] Suppressed error to prevent crash: Unexpected server response: 404
[12:17:10.867] [PAI SDK] WebSocket closed, reconnecting (1/3)...
[12:17:20.941] [Global WebSocket] Suppressed error to prevent crash: Unexpected server response: 404
[12:17:20.942] [PAI SDK] WebSocket closed, reconnecting (1/3)...
[12:17:31.018] [Global WebSocket] Suppressed error to prevent crash: Unexpected server response: 404
[12:17:31.019] [PAI SDK] WebSocket closed, reconnecting (1/3)...
[12:17:41.104] [Global WebSocket] Suppressed error to prevent crash: Unexpected server response: 404
[12:17:41.105] [PAI SDK] WebSocket closed, reconnecting (1/3)...
[12:17:51.182] [Global WebSocket] Suppressed error to prevent crash: Unexpected server response: 404
[12:17:51.183] [PAI SDK] WebSocket closed, reconnecting (1/3)...
[12:18:01.269] [Global WebSocket] Suppressed error to prevent crash: Unexpected server response: 404
[12:18:01.270] [PAI SDK] WebSocket closed, reconnecting (1/3)...
[12:18:11.352] [Global WebSocket] Suppressed error to prevent crash: Unexpected server response: 404
[12:18:11.352] [PAI SDK] WebSocket closed, reconnecting (1/3)...
[12:18:21.952] [Global WebSocket] Suppressed error to prevent crash: Unexpected server response: 404
[12:18:21.954] [PAI SDK] WebSocket closed, reconnecting (1/3)...
[12:18:32.032] [Global WebSocket] Suppressed error to prevent crash: Unexpected server response: 404
[12:18:32.032] [PAI SDK] WebSocket closed, reconnecting (1/3)...
[12:18:42.099] [Global WebSocket] Suppressed error to prevent crash: Unexpected server response: 404
[12:18:42.100] [PAI SDK] WebSocket closed, reconnecting (1/3)...
[12:18:52.174] [Global WebSocket] Suppressed error to prevent crash: Unexpected server response: 404
[12:18:52.175] [PAI SDK] WebSocket closed, reconnecting (1/3)...
[12:19:02.249] [Global WebSocket] Suppressed error to prevent crash: Unexpected server response: 404
[12:19:02.250] [PAI SDK] WebSocket closed, reconnecting (1/3)...
[12:19:12.323] [Global WebSocket] Suppressed error to prevent crash: Unexpected server response: 404
[12:19:12.324] [PAI SDK] WebSocket closed, reconnecting (1/3)...
[12:19:22.400] [Global WebSocket] Suppressed error to prevent crash: Unexpected server response: 404
[12:19:22.400] [PAI SDK] WebSocket closed, reconnecting (1/3)...
[12:19:32.484] [Global WebSocket] Suppressed error to prevent crash: Unexpected server response: 404
[12:19:32.485] [PAI SDK] WebSocket closed, reconnecting (1/3)...
[12:19:42.567] [Global WebSocket] Suppressed error to prevent crash: Unexpected server response: 404
[12:19:42.568] [PAI SDK] WebSocket closed, reconnecting (1/3)...
[12:19:52.652] [Global WebSocket] Suppressed error to prevent crash: Unexpected server response: 404
[12:19:52.653] [PAI SDK] WebSocket closed, reconnecting (1/3)...
[12:20:02.729] [Global WebSocket] Suppressed error to prevent crash: Unexpected server response: 404
[12:20:02.730] [PAI SDK] WebSocket closed, reconnecting (1/3)...
[12:20:12.808] [Global WebSocket] Suppressed error to prevent crash: Unexpected server response: 404
[12:20:12.808] [PAI SDK] WebSocket closed, reconnecting (1/3)...
[12:20:22.884] [Global WebSocket] Suppressed error to prevent crash: Unexpected server response: 404
[12:20:22.884] [PAI SDK] WebSocket closed, reconnecting (1/3)...
[12:20:26.730] Heartbeat timeout.
[12:20:26.737] Shutting down...
[12:20:26.738] Stopping Cloud Dev...
